// Jest Snapshot v1, https://goo.gl/fbAQLP

exports[`FavoritesEmpty correctly renders after relaunch 1`] = `null`;
