// Jest Snapshot v1, https://goo.gl/fbAQLP

exports[`FavoritesButton correctly renders after relaunch 1`] = `
<button
  className="property__bookmark-button place-card__bookmark-buttonnull button"
  onClick={[Function]}
  type="button"
>
  <svg
    className="place-card__bookmark-icon"
    height={33}
    width={31}
  >
    <use
      xlinkHref="#icon-bookmark"
    />
  </svg>
  <span
    className="visually-hidden"
  >
    In bookmarks
  </span>
</button>
`;
