// Jest Snapshot v1, https://goo.gl/fbAQLP

exports[`Loader correctly renders after relaunch 1`] = `
<div
  className="lds-ripple"
>
  <div />
  <div />
</div>
`;
