// Jest Snapshot v1, https://goo.gl/fbAQLP

exports[`ReviewsList correctly renders after relaunch 1`] = `null`;
